2026-07-15 03:19:39,164 - __main__ - ERROR - Errore invio campagna 🔥 60% DI SCONTO: Chat not found
2026-07-15 03:19:39,232 - __main__ - ERROR - Errore invio campagna 💰 TUTTO SOTTO 1€: Chat not found
2026-07-15 03:19:39,296 - __main__ - ERROR - Errore invio campagna ✨ NUOVI ARRIVI: Chat not found
2026-07-15 03:19:39,355 - __main__ - ERROR - Errore invio campagna ☀️ COLLEZIONE ESTATE: Chat not found
2026-07-15 03:19:39,397 - __main__ - ERROR - Errore Telegram: Chat not found
2026-07-15 03:19:41,477 - __main__ - ERROR - Errore Telegram: Chat not found
2026-07-15 03:19:45,564 - __main__ - ERROR - Errore Telegram: Chat not found
2026-07-15 03:19:45,564 - __main__ - ERROR - Errore finale invio Telegram: Chat not found
2026-07-15 03:19:45,655 - __main__ - ERROR - Errore Telegram: Chat not found
2026-07-15 03:19:47,805 - __main__ - ERROR - Errore Telegram: Chat not found
2026-07-15 03:19:51,867 - __main__ - ERROR - Errore Telegram: Chat not found
2026-07-15 03:19:51,867 - __main__ - ERROR - Errore finale invio Telegram: Chat not found
2026-07-15 03:19:51,927 - __main__ - ERROR - Errore Telegram: Chat not found
2026-07-15 03:19:53,982 - __main__ - ERROR - Errore Telegram: Chat not found
2026-07-15 03:19:58,052 - __main__ - ERROR - Errore Telegram: Chat not found
2026-07-15 03:19:58,052 - __main__ - ERROR - Errore finale invio Telegram: Chat not found
2026-07-15 03:19:58,104 - __main__ - ERROR - Errore Telegram: Chat not found
2026-07-15 03:20:00,154 - __main__ - ERROR - Errore Telegram: Chat not found
2026-07-15 03:20:04,212 - __main__ - ERROR - Errore Telegram: Chat not found
2026-07-15 03:20:04,212 - __main__ - ERROR - Errore finale invio Telegram: Chat not found
2026-07-15 03:20:04,283 - __main__ - ERROR - Errore Telegram: Chat not found
2026-07-15 03:20:06,344 - __main__ - ERROR - Errore Telegram: Chat not found
2026-07-15 03:20:10,397 - __main__ - ERROR - Errore Telegram: Chat not found
2026-07-15 03:20:10,397 - __main__ - ERROR - Errore finale invio Telegram: Chat not found
2026-07-15 03:20:10,446 - __main__ - ERROR - Errore Telegram: Chat not found
2026-07-15 03:20:12,548 - __main__ - ERROR - Errore Telegram: Chat not found
2026-07-15 03:20:16,609 - __main__ - ERROR - Errore Telegram: Chat not found
2026-07-15 03:20:16,609 - __main__ - ERROR - Errore finale invio Telegram: Chat not found
2026-07-15 03:20:16,667 - __main__ - ERROR - Errore Telegram: Chat not found
2026-07-15 03:20:18,766 - __main__ - ERROR - Errore Telegram: Chat not found
2026-07-15 03:20:22,849 - __main__ - ERROR - Errore Telegram: Chat not found
2026-07-15 03:20:22,849 - __main__ - ERROR - Errore finale invio Telegram: Chat not found
2026-07-15 03:20:22,920 - __main__ - ERROR - Errore Telegram: Chat not found
2026-07-15 03:20:24,992 - __main__ - ERROR - Errore Telegram: Chat not found
2026-07-15 03:20:29,055 - __main__ - ERROR - Errore Telegram: Chat not found
2026-07-15 03:20:29,055 - __main__ - ERROR - Errore finale invio Telegram: Chat not found
2026-07-15 03:20:29,120 - __main__ - ERROR - Errore Telegram: Chat not found
2026-07-15 03:20:31,242 - __main__ - ERROR - Errore Telegram: Chat not found
2026-07-15 03:20:35,341 - __main__ - ERROR - Errore Telegram: Chat not found
2026-07-15 03:20:35,342 - __main__ - ERROR - Errore finale invio Telegram: Chat not found
2026-07-15 03:20:35,402 - __main__ - ERROR - Errore Telegram: Chat not found
2026-07-15 03:20:37,476 - __main__ - ERROR - Errore Telegram: Chat not found
2026-07-15 03:20:41,527 - __main__ - ERROR - Errore Telegram: Chat not found
2026-07-15 03:20:41,527 - __main__ - ERROR - Errore finale invio Telegram: Chat not found
2026-07-15 03:20:41,570 - __main__ - ERROR - Errore Telegram: Chat not found
2026-07-15 03:22:15,663 - __main__ - ERROR - Errore invio campagna 🔥 60% DI SCONTO: Chat not found
2026-07-15 03:22:15,767 - __main__ - ERROR - Errore invio campagna 💰 TUTTO SOTTO 1€: Chat not found
2026-07-15 03:22:15,878 - __main__ - ERROR - Errore invio campagna ✨ NUOVI ARRIVI: Chat not found
2026-07-15 03:22:15,940 - __main__ - ERROR - Errore invio campagna ☀️ COLLEZIONE ESTATE: Chat not found
2026-07-15 03:22:16,044 - __main__ - ERROR - Errore Telegram: Chat not found
2026-07-15 03:22:18,098 - __main__ - ERROR - Errore Telegram: Chat not found
2026-07-15 03:22:22,211 - __main__ - ERROR - Errore Telegram: Chat not found
2026-07-15 03:22:22,211 - __main__ - ERROR - Errore finale invio Telegram: Chat not found
2026-07-15 03:22:22,303 - __main__ - ERROR - Errore Telegram: Chat not found
2026-07-15 03:22:24,390 - __main__ - ERROR - Errore Telegram: Chat not found
2026-07-15 03:22:28,440 - __main__ - ERROR - Errore Telegram: Chat not found
2026-07-15 03:22:28,441 - __main__ - ERROR - Errore finale invio Telegram: Chat not found
2026-07-15 03:22:28,487 - __main__ - ERROR - Errore Telegram: Chat not found
2026-07-15 03:22:30,540 - __main__ - ERROR - Errore Telegram: Chat not found
2026-07-15 03:22:34,590 - __main__ - ERROR - Errore Telegram: Chat not found
2026-07-15 03:22:34,590 - __main__ - ERROR - Errore finale invio Telegram: Chat not found
2026-07-15 03:22:34,657 - __main__ - ERROR - Errore Telegram: Chat not found
2026-07-15 03:22:36,708 - __main__ - ERROR - Errore Telegram: Chat not found
2026-07-15 03:22:40,759 - __main__ - ERROR - Errore Telegram: Chat not found
2026-07-15 03:22:40,760 - __main__ - ERROR - Errore finale invio Telegram: Chat not found
2026-07-15 03:22:40,810 - __main__ - ERROR - Errore Telegram: Chat not found
2026-07-15 03:22:42,869 - __main__ - ERROR - Errore Telegram: Chat not found
2026-07-15 03:22:46,917 - __main__ - ERROR - Errore Telegram: Chat not found
2026-07-15 03:22:46,918 - __main__ - ERROR - Errore finale invio Telegram: Chat not found
2026-07-15 03:22:46,964 - __main__ - ERROR - Errore Telegram: Chat not found
2026-07-15 03:22:49,030 - __main__ - ERROR - Errore Telegram: Chat not found
2026-07-15 03:22:53,079 - __main__ - ERROR - Errore Telegram: Chat not found
2026-07-15 03:22:53,079 - __main__ - ERROR - Errore finale invio Telegram: Chat not found
2026-07-15 03:22:53,123 - __main__ - ERROR - Errore Telegram: Chat not found
2026-07-15 03:22:55,226 - __main__ - ERROR - Errore Telegram: Chat not found
2026-07-15 03:22:59,294 - __main__ - ERROR - Errore Telegram: Chat not found
2026-07-15 03:22:59,294 - __main__ - ERROR - Errore finale invio Telegram: Chat not found
2026-07-15 03:22:59,340 - __main__ - ERROR - Errore Telegram: Chat not found
2026-07-15 03:23:01,399 - __main__ - ERROR - Errore Telegram: Chat not found
2026-07-15 03:23:05,624 - __main__ - ERROR - Errore Telegram: Chat not found
2026-07-15 03:23:05,624 - __main__ - ERROR - Errore finale invio Telegram: Chat not found
2026-07-15 03:23:05,757 - __main__ - ERROR - Errore Telegram: Chat not found
2026-07-15 03:23:07,854 - __main__ - ERROR - Errore Telegram: Chat not found
2026-07-15 03:23:11,911 - __main__ - ERROR - Errore Telegram: Chat not found
2026-07-15 03:23:11,911 - __main__ - ERROR - Errore finale invio Telegram: Chat not found
2026-07-15 03:23:11,974 - __main__ - ERROR - Errore Telegram: Chat not found
2026-07-15 03:23:14,034 - __main__ - ERROR - Errore Telegram: Chat not found
2026-07-15 03:23:18,118 - __main__ - ERROR - Errore Telegram: Chat not found
2026-07-15 03:23:18,118 - __main__ - ERROR - Errore finale invio Telegram: Chat not found
2026-07-15 03:23:18,184 - __main__ - ERROR - Errore Telegram: Chat not found
2026-07-15 03:23:20,235 - __main__ - ERROR - Errore Telegram: Chat not found
2026-07-15 03:23:24,281 - __main__ - ERROR - Errore Telegram: Chat not found
2026-07-15 03:23:24,281 - __main__ - ERROR - Errore finale invio Telegram: Chat not found
2026-07-15 03:23:24,329 - __main__ - ERROR - Errore Telegram: Chat not found
2026-07-15 03:23:26,386 - __main__ - ERROR - Errore Telegram: Chat not found
2026-07-15 03:23:30,442 - __main__ - ERROR - Errore Telegram: Chat not found
2026-07-15 03:23:30,442 - __main__ - ERROR - Errore finale invio Telegram: Chat not found
2026-07-15 03:23:30,491 - __main__ - ERROR - Errore Telegram: Chat not found
2026-07-15 03:23:32,540 - __main__ - ERROR - Errore Telegram: Chat not found
2026-07-15 03:23:36,600 - __main__ - ERROR - Errore Telegram: Chat not found
2026-07-15 03:23:36,600 - __main__ - ERROR - Errore finale invio Telegram: Chat not found
2026-07-15 03:23:36,680 - __main__ - ERROR - Errore Telegram: Chat not found
2026-07-15 03:23:38,747 - __main__ - ERROR - Errore Telegram: Chat not found
2026-07-15 03:23:42,825 - __main__ - ERROR - Errore Telegram: Chat not found
2026-07-15 03:23:42,825 - __main__ - ERROR - Errore finale invio Telegram: Chat not found
2026-07-15 03:23:42,916 - __main__ - ERROR - Errore Telegram: Chat not found
2026-07-15 03:23:44,971 - __main__ - ERROR - Errore Telegram: Chat not found
2026-07-15 03:23:49,029 - __main__ - ERROR - Errore Telegram: Chat not found
2026-07-15 03:23:49,029 - __main__ - ERROR - Errore finale invio Telegram: Chat not found
2026-07-15 03:23:49,104 - __main__ - ERROR - Errore Telegram: Chat not found
2026-07-15 03:23:51,151 - __main__ - ERROR - Errore Telegram: Chat not found
2026-07-15 03:23:55,202 - __main__ - ERROR - Errore Telegram: Chat not found
2026-07-15 03:23:55,203 - __main__ - ERROR - Errore finale invio Telegram: Chat not found
2026-07-15 03:23:55,247 - __main__ - ERROR - Errore Telegram: Chat not found
2026-07-15 03:23:57,304 - __main__ - ERROR - Errore Telegram: Chat not found
2026-07-15 03:24:01,353 - __main__ - ERROR - Errore Telegram: Chat not found
2026-07-15 03:24:01,353 - __main__ - ERROR - Errore finale invio Telegram: Chat not found
2026-07-15 03:24:01,401 - __main__ - ERROR - Errore Telegram: Chat not found
2026-07-15 03:24:03,450 - __main__ - ERROR - Errore Telegram: Chat not found
2026-07-15 03:24:07,501 - __main__ - ERROR - Errore Telegram: Chat not found
2026-07-15 03:24:07,501 - __main__ - ERROR - Errore finale invio Telegram: Chat not found
2026-07-15 03:24:07,546 - __main__ - ERROR - Errore Telegram: Chat not found
2026-07-15 03:24:09,596 - __main__ - ERROR - Errore Telegram: Chat not found
2026-07-15 03:24:13,646 - __main__ - ERROR - Errore Telegram: Chat not found
2026-07-15 03:24:13,646 - __main__ - ERROR - Errore finale invio Telegram: Chat not found
2026-07-15 03:24:13,692 - __main__ - ERROR - Errore Telegram: Chat not found
2026-07-15 03:24:15,742 - __main__ - ERROR - Errore Telegram: Chat not found
2026-07-15 03:24:19,792 - __main__ - ERROR - Errore Telegram: Chat not found
2026-07-15 03:24:19,792 - __main__ - ERROR - Errore finale invio Telegram: Chat not found
2026-07-15 03:24:19,835 - __main__ - ERROR - Errore Telegram: Chat not found
2026-07-15 03:24:21,886 - __main__ - ERROR - Errore Telegram: Chat not found
2026-07-15 03:24:25,935 - __main__ - ERROR - Errore Telegram: Chat not found
2026-07-15 03:24:25,935 - __main__ - ERROR - Errore finale invio Telegram: Chat not found
2026-07-15 03:24:25,984 - __main__ - ERROR - Errore Telegram: Chat not found
2026-07-15 03:24:37,902 - __main__ - ERROR - Errore invio campagna 🔥 60% DI SCONTO: Chat not found
2026-07-15 03:24:37,950 - __main__ - ERROR - Errore invio campagna 💰 TUTTO SOTTO 1€: Chat not found
2026-07-15 03:24:38,000 - __main__ - ERROR - Errore invio campagna ✨ NUOVI ARRIVI: Chat not found
2026-07-15 03:24:38,057 - __main__ - ERROR - Errore invio campagna ☀️ COLLEZIONE ESTATE: Chat not found
2026-07-15 03:24:38,106 - __main__ - ERROR - Errore Telegram: Chat not found
2026-07-15 03:24:40,167 - __main__ - ERROR - Errore Telegram: Chat not found
2026-07-15 03:24:44,310 - __main__ - ERROR - Errore Telegram: Chat not found
2026-07-15 03:24:44,310 - __main__ - ERROR - Errore finale invio Telegram: Chat not found
2026-07-15 03:24:44,438 - __main__ - ERROR - Errore Telegram: Chat not found
2026-07-15 03:24:46,505 - __main__ - ERROR - Errore Telegram: Chat not found
2026-07-15 03:24:50,562 - __main__ - ERROR - Errore Telegram: Chat not found
2026-07-15 03:24:50,562 - __main__ - ERROR - Errore finale invio Telegram: Chat not found
2026-07-15 03:24:50,613 - __main__ - ERROR - Errore Telegram: Chat not found
2026-07-15 03:24:52,665 - __main__ - ERROR - Errore Telegram: Chat not found
2026-07-15 03:24:56,883 - __main__ - ERROR - Errore Telegram: Chat not found
2026-07-15 03:24:56,883 - __main__ - ERROR - Errore finale invio Telegram: Chat not found
2026-07-15 03:24:56,933 - __main__ - ERROR - Errore Telegram: Chat not found
2026-07-15 03:24:59,063 - __main__ - ERROR - Errore Telegram: Chat not found
2026-07-15 03:25:03,128 - __main__ - ERROR - Errore Telegram: Chat not found
2026-07-15 03:25:03,128 - __main__ - ERROR - Errore finale invio Telegram: Chat not found
2026-07-15 03:25:03,175 - __main__ - ERROR - Errore Telegram: Chat not found
2026-07-15 03:25:05,227 - __main__ - ERROR - Errore Telegram: Chat not found
2026-07-15 03:25:09,280 - __main__ - ERROR - Errore Telegram: Chat not found
2026-07-15 03:25:09,280 - __main__ - ERROR - Errore finale invio Telegram: Chat not found
2026-07-15 03:25:09,343 - __main__ - ERROR - Errore Telegram: Chat not found
2026-07-15 03:25:11,393 - __main__ - ERROR - Errore Telegram: Chat not found
2026-07-15 03:25:15,447 - __main__ - ERROR - Errore Telegram: Chat not found
2026-07-15 03:25:15,447 - __main__ - ERROR - Errore finale invio Telegram: Chat not found
2026-07-15 03:25:15,495 - __main__ - ERROR - Errore Telegram: Chat not found
2026-07-15 03:25:17,554 - __main__ - ERROR - Errore Telegram: Chat not found
2026-07-15 03:25:21,605 - __main__ - ERROR - Errore Telegram: Chat not found
2026-07-15 03:25:21,605 - __main__ - ERROR - Errore finale invio Telegram: Chat not found
2026-07-15 03:25:21,653 - __main__ - ERROR - Errore Telegram: Chat not found
2026-07-15 03:25:23,713 - __main__ - ERROR - Errore Telegram: Chat not found
2026-07-15 03:25:27,768 - __main__ - ERROR - Errore Telegram: Chat not found
2026-07-15 03:25:27,768 - __main__ - ERROR - Errore finale invio Telegram: Chat not found
2026-07-15 03:25:27,823 - __main__ - ERROR - Errore Telegram: Chat not found
2026-07-15 03:25:29,941 - __main__ - ERROR - Errore Telegram: Chat not found
2026-07-15 03:25:33,995 - __main__ - ERROR - Errore Telegram: Chat not found
2026-07-15 03:25:33,995 - __main__ - ERROR - Errore finale invio Telegram: Chat not found
2026-07-15 03:25:34,058 - __main__ - ERROR - Errore Telegram: Chat not found
2026-07-15 03:25:36,113 - __main__ - ERROR - Errore Telegram: Chat not found
2026-07-15 03:25:40,167 - __main__ - ERROR - Errore Telegram: Chat not found
2026-07-15 03:25:40,168 - __main__ - ERROR - Errore finale invio Telegram: Chat not found
2026-07-15 03:25:40,215 - __main__ - ERROR - Errore Telegram: Chat not found
2026-07-15 03:25:42,286 - __main__ - ERROR - Errore Telegram: Chat not found
2026-07-15 03:25:46,391 - __main__ - ERROR - Errore Telegram: Chat not found
2026-07-15 03:25:46,391 - __main__ - ERROR - Errore finale invio Telegram: Chat not found
2026-07-15 03:25:46,442 - __main__ - ERROR - Errore Telegram: Chat not found
2026-07-15 03:25:48,503 - __main__ - ERROR - Errore Telegram: Chat not found
2026-07-15 03:25:52,562 - __main__ - ERROR - Errore Telegram: Chat not found
2026-07-15 03:25:52,562 - __main__ - ERROR - Errore finale invio Telegram: Chat not found
2026-07-15 03:25:52,619 - __main__ - ERROR - Errore Telegram: Chat not found
2026-07-15 03:25:54,732 - __main__ - ERROR - Errore Telegram: Chat not found
2026-07-15 03:25:58,793 - __main__ - ERROR - Errore Telegram: Chat not found
2026-07-15 03:25:58,793 - __main__ - ERROR - Errore finale invio Telegram: Chat not found
2026-07-15 03:25:58,852 - __main__ - ERROR - Errore Telegram: Chat not found
2026-07-15 03:26:00,911 - __main__ - ERROR - Errore Telegram: Chat not found
2026-07-15 03:26:04,988 - __main__ - ERROR - Errore Telegram: Chat not found
2026-07-15 03:26:04,988 - __main__ - ERROR - Errore finale invio Telegram: Chat not found
2026-07-15 03:26:05,054 - __main__ - ERROR - Errore Telegram: Chat not found
2026-07-15 03:26:07,157 - __main__ - ERROR - Errore Telegram: Chat not found
2026-07-15 03:26:11,213 - __main__ - ERROR - Errore Telegram: Chat not found
2026-07-15 03:26:11,213 - __main__ - ERROR - Errore finale invio Telegram: Chat not found
2026-07-15 03:26:11,269 - __main__ - ERROR - Errore Telegram: Chat not found
2026-07-15 03:26:13,327 - __main__ - ERROR - Errore Telegram: Chat not found
2026-07-15 03:26:17,381 - __main__ - ERROR - Errore Telegram: Chat not found
2026-07-15 03:26:17,381 - __main__ - ERROR - Errore finale invio Telegram: Chat not found
2026-07-15 03:26:17,433 - __main__ - ERROR - Errore Telegram: Chat not found
2026-07-15 03:26:19,531 - __main__ - ERROR - Errore Telegram: Chat not found
2026-07-15 03:26:23,589 - __main__ - ERROR - Errore Telegram: Chat not found
2026-07-15 03:26:23,590 - __main__ - ERROR - Errore finale invio Telegram: Chat not found
2026-07-15 03:26:23,636 - __main__ - ERROR - Errore Telegram: Chat not found
2026-07-15 03:26:25,689 - __main__ - ERROR - Errore Telegram: Chat not found
2026-07-15 03:26:29,753 - __main__ - ERROR - Errore Telegram: Chat not found
2026-07-15 03:26:29,754 - __main__ - ERROR - Errore finale invio Telegram: Chat not found
2026-07-15 03:26:29,802 - __main__ - ERROR - Errore Telegram: Chat not found
2026-07-15 03:26:31,854 - __main__ - ERROR - Errore Telegram: Chat not found
2026-07-15 03:26:35,909 - __main__ - ERROR - Errore Telegram: Chat not found
2026-07-15 03:26:35,909 - __main__ - ERROR - Errore finale invio Telegram: Chat not found
2026-07-15 03:26:35,968 - __main__ - ERROR - Errore Telegram: Chat not found
2026-07-15 03:26:38,048 - __main__ - ERROR - Errore Telegram: Chat not found
2026-07-15 03:26:42,122 - __main__ - ERROR - Errore Telegram: Chat not found
2026-07-15 03:26:42,122 - __main__ - ERROR - Errore finale invio Telegram: Chat not found
2026-07-15 03:26:42,270 - __main__ - ERROR - Errore Telegram: Chat not found
2026-07-15 03:26:44,338 - __main__ - ERROR - Errore Telegram: Chat not found
2026-07-15 03:26:48,399 - __main__ - ERROR - Errore Telegram: Chat not found
2026-07-15 03:26:48,399 - __main__ - ERROR - Errore finale invio Telegram: Chat not found
2026-07-15 03:26:48,449 - __main__ - ERROR - Errore Telegram: Chat not found
2026-07-15 03:26:50,505 - __main__ - ERROR - Errore Telegram: Chat not found
2026-07-15 03:26:54,568 - __main__ - ERROR - Errore Telegram: Chat not found
2026-07-15 03:26:54,568 - __main__ - ERROR - Errore finale invio Telegram: Chat not found
2026-07-15 03:26:54,642 - __main__ - ERROR - Errore Telegram: Chat not found
2026-07-15 03:26:56,709 - __main__ - ERROR - Errore Telegram: Chat not found
2026-07-15 03:27:00,767 - __main__ - ERROR - Errore Telegram: Chat not found
2026-07-15 03:27:00,767 - __main__ - ERROR - Errore finale invio Telegram: Chat not found
2026-07-15 03:27:00,820 - __main__ - ERROR - Errore Telegram: Chat not found
2026-07-15 03:27:02,873 - __main__ - ERROR - Errore Telegram: Chat not found
2026-07-15 03:27:06,945 - __main__ - ERROR - Errore Telegram: Chat not found
2026-07-15 03:27:06,946 - __main__ - ERROR - Errore finale invio Telegram: Chat not found
2026-07-15 03:27:07,000 - __main__ - ERROR - Errore Telegram: Chat not found
2026-07-15 03:27:09,061 - __main__ - ERROR - Errore Telegram: Chat not found
2026-07-15 03:27:13,114 - __main__ - ERROR - Errore Telegram: Chat not found
2026-07-15 03:27:13,114 - __main__ - ERROR - Errore finale invio Telegram: Chat not found
2026-07-15 03:27:13,163 - __main__ - ERROR - Errore Telegram: Chat not found
2026-07-15 03:27:15,215 - __main__ - ERROR - Errore Telegram: Chat not found
2026-07-15 03:27:19,426 - __main__ - ERROR - Errore Telegram: Chat not found
2026-07-15 03:27:19,427 - __main__ - ERROR - Errore finale invio Telegram: Chat not found
2026-07-15 03:27:19,734 - __main__ - ERROR - Errore Telegram: Chat not found
2026-07-15 03:27:21,787 - __main__ - ERROR - Errore Telegram: Chat not found
2026-07-15 03:27:25,843 - __main__ - ERROR - Errore Telegram: Chat not found
2026-07-15 03:27:25,843 - __main__ - ERROR - Errore finale invio Telegram: Chat not found
2026-07-15 03:27:25,897 - __main__ - ERROR - Errore Telegram: Chat not found
2026-07-15 03:27:27,951 - __main__ - ERROR - Errore Telegram: Chat not found
2026-07-15 03:27:32,008 - __main__ - ERROR - Errore Telegram: Chat not found
2026-07-15 03:27:32,008 - __main__ - ERROR - Errore finale invio Telegram: Chat not found
2026-07-15 03:27:32,056 - __main__ - ERROR - Errore Telegram: Chat not found
2026-07-15 03:27:34,111 - __main__ - ERROR - Errore Telegram: Chat not found
2026-07-15 03:27:38,168 - __main__ - ERROR - Errore Telegram: Chat not found
2026-07-15 03:27:38,168 - __main__ - ERROR - Errore finale invio Telegram: Chat not found
2026-07-15 03:27:38,221 - __main__ - ERROR - Errore Telegram: Chat not found
2026-07-15 03:27:40,275 - __main__ - ERROR - Errore Telegram: Chat not found
2026-07-15 03:27:44,326 - __main__ - ERROR - Errore Telegram: Chat not found
2026-07-15 03:27:44,326 - __main__ - ERROR - Errore finale invio Telegram: Chat not found
2026-07-15 03:27:44,381 - __main__ - ERROR - Errore Telegram: Chat not found
2026-07-15 03:27:46,429 - __main__ - ERROR - Errore Telegram: Chat not found
2026-07-15 03:27:50,497 - __main__ - ERROR - Errore Telegram: Chat not found
2026-07-15 03:27:50,497 - __main__ - ERROR - Errore finale invio Telegram: Chat not found
2026-07-15 03:27:50,551 - __main__ - ERROR - Errore Telegram: Chat not found
2026-07-15 03:27:52,604 - __main__ - ERROR - Errore Telegram: Chat not found
2026-07-15 03:27:56,682 - __main__ - ERROR - Errore Telegram: Chat not found
2026-07-15 03:27:56,682 - __main__ - ERROR - Errore finale invio Telegram: Chat not found
2026-07-15 03:27:56,760 - __main__ - ERROR - Errore Telegram: Chat not found
2026-07-15 03:27:58,818 - __main__ - ERROR - Errore Telegram: Chat not found
2026-07-15 03:28:02,873 - __main__ - ERROR - Errore Telegram: Chat not found
2026-07-15 03:28:02,873 - __main__ - ERROR - Errore finale invio Telegram: Chat not found
2026-07-15 03:28:02,919 - __main__ - ERROR - Errore Telegram: Chat not found
2026-07-15 03:28:05,039 - __main__ - ERROR - Errore Telegram: Chat not found
2026-07-15 03:28:09,115 - __main__ - ERROR - Errore Telegram: Chat not found
2026-07-15 03:28:09,115 - __main__ - ERROR - Errore finale invio Telegram: Chat not found
2026-07-15 03:28:09,167 - __main__ - ERROR - Errore Telegram: Chat not found
2026-07-15 03:28:11,219 - __main__ - ERROR - Errore Telegram: Chat not found
2026-07-15 03:28:15,280 - __main__ - ERROR - Errore Telegram: Chat not found
2026-07-15 03:28:15,280 - __main__ - ERROR - Errore finale invio Telegram: Chat not found
2026-07-15 03:28:15,332 - __main__ - ERROR - Errore Telegram: Chat not found
2026-07-15 03:28:17,385 - __main__ - ERROR - Errore Telegram: Chat not found
2026-07-15 03:28:21,454 - __main__ - ERROR - Errore Telegram: Chat not found
2026-07-15 03:28:21,455 - __main__ - ERROR - Errore finale invio Telegram: Chat not found
2026-07-15 03:28:21,540 - __main__ - ERROR - Errore Telegram: Chat not found
2026-07-15 03:28:23,592 - __main__ - ERROR - Errore Telegram: Chat not found
2026-07-15 03:28:27,647 - __main__ - ERROR - Errore Telegram: Chat not found
2026-07-15 03:28:27,647 - __main__ - ERROR - Errore finale invio Telegram: Chat not found
2026-07-15 03:28:27,697 - __main__ - ERROR - Errore Telegram: Chat not found
2026-07-15 03:28:29,749 - __main__ - ERROR - Errore Telegram: Chat not found
2026-07-15 03:28:33,805 - __main__ - ERROR - Errore Telegram: Chat not found
2026-07-15 03:28:33,805 - __main__ - ERROR - Errore finale invio Telegram: Chat not found
2026-07-15 03:33:46,101 - __main__ - ERROR - Errore Telegram: Button_url_invalid
2026-07-15 03:33:48,161 - __main__ - ERROR - Errore Telegram: Button_url_invalid
2026-07-15 03:33:52,221 - __main__ - ERROR - Errore Telegram: Button_url_invalid
2026-07-15 03:33:52,222 - __main__ - ERROR - Errore finale invio Telegram: Button_url_invalid
2026-07-15 03:33:59,804 - __main__ - ERROR - Errore Telegram: Button_url_invalid
2026-07-15 03:34:01,883 - __main__ - ERROR - Errore Telegram: Button_url_invalid
2026-07-15 03:34:05,952 - __main__ - ERROR - Errore Telegram: Button_url_invalid
2026-07-15 03:34:05,952 - __main__ - ERROR - Errore finale invio Telegram: Button_url_invalid
2026-07-15 03:34:09,115 - __main__ - ERROR - Errore Telegram: Button_url_invalid
2026-07-15 03:34:11,180 - __main__ - ERROR - Errore Telegram: Button_url_invalid
2026-07-15 03:34:15,238 - __main__ - ERROR - Errore Telegram: Button_url_invalid
2026-07-15 03:34:15,238 - __main__ - ERROR - Errore finale invio Telegram: Button_url_invalid
2026-07-15 03:43:09,609 - __main__ - ERROR - Errore Telegram: Button_url_invalid
2026-07-15 03:43:11,664 - __main__ - ERROR - Errore Telegram: Button_url_invalid
2026-07-15 03:43:15,791 - __main__ - ERROR - Errore Telegram: Button_url_invalid
2026-07-15 03:43:15,791 - __main__ - ERROR - Errore finale invio Telegram: Button_url_invalid
2026-07-15 03:43:18,948 - __main__ - ERROR - Errore Telegram: Button_url_invalid
2026-07-15 03:43:21,005 - __main__ - ERROR - Errore Telegram: Button_url_invalid
2026-07-15 03:43:28,077 - __main__ - ERROR - Errore Telegram: Button_url_invalid
2026-07-15 03:43:28,077 - __main__ - ERROR - Errore finale invio Telegram: Button_url_invalid
2026-07-15 03:46:38,134 - __main__ - ERROR - Errore Telegram: Button_url_invalid
2026-07-15 03:46:40,194 - __main__ - ERROR - Errore Telegram: Button_url_invalid
2026-07-15 03:46:44,258 - __main__ - ERROR - Errore Telegram: Button_url_invalid
2026-07-15 03:46:44,258 - __main__ - ERROR - Errore finale invio Telegram: Button_url_invalid
2026-07-15 03:46:44,310 - __main__ - ERROR - Errore Telegram: Button_url_invalid
2026-07-15 03:46:46,597 - __main__ - ERROR - Errore Telegram: Button_url_invalid
